// Jest Snapshot v1, https://goo.gl/fbAQLP

exports[`test Icon component should render 1`] = `<DocumentFragment />`;
