// Jest Snapshot v1, https://goo.gl/fbAQLP

exports[`test Slider component should render 1`] = `
<DocumentFragment>
  <div
    class="speed-slider css-jxws1s-Slider"
  >
    <div
      class="speed-slider-content"
    >
      <div
        class="speed-slider-select css-13sp9s-Slider"
      />
      <div
        class="speed-slider-gan css-pw240g-Slider"
      />
    </div>
  </div>
</DocumentFragment>
`;
