// Jest Snapshot v1, https://goo.gl/fbAQLP

exports[`test Modal component should render 1`] = `<DocumentFragment />`;
