// Jest Snapshot v1, https://goo.gl/fbAQLP

exports[`test Tree component should render 1`] = `
<DocumentFragment>
  <div
    class="speed-tree"
  />
</DocumentFragment>
`;
