// Jest Snapshot v1, https://goo.gl/fbAQLP

exports[`test Collapse component should render 1`] = `
<DocumentFragment>
  <div
    class="speed-collapse"
  />
</DocumentFragment>
`;
