// Jest Snapshot v1, https://goo.gl/fbAQLP

exports[`test Tooltip component should render 1`] = `
<DocumentFragment>
  <div
    class="speed-tooltip"
    style="width: auto;"
  >
    <div />
  </div>
</DocumentFragment>
`;
