// Jest Snapshot v1, https://goo.gl/fbAQLP

exports[`test backTop component should render component 1`] = `
<DocumentFragment>
  <div />
</DocumentFragment>
`;
