// Jest Snapshot v1, https://goo.gl/fbAQLP

exports[`test Cascader component should render 1`] = `
<DocumentFragment>
  <div
    class="speed-cascader"
  >
    <div
      class="speed-input-warp"
    >
      <input
        class="speed-input"
        data-testid="input"
        readonly=""
        style="padding-right: 30px;"
        value=""
      />
    </div>
  </div>
</DocumentFragment>
`;
