// Jest Snapshot v1, https://goo.gl/fbAQLP

exports[`test Form component should render 1`] = `
<DocumentFragment>
  <div
    class="speed-form"
  />
</DocumentFragment>
`;
