// Jest Snapshot v1, https://goo.gl/fbAQLP

exports[`test Notification component should render 1`] = `<DocumentFragment />`;
