// Jest Snapshot v1, https://goo.gl/fbAQLP

exports[`test alert component should render 1`] = `<DocumentFragment />`;
