// Jest Snapshot v1, https://goo.gl/fbAQLP

exports[`test Layout component should render 1`] = `
<DocumentFragment>
  <section
    class="speed-layout"
  />
</DocumentFragment>
`;
