// Jest Snapshot v1, https://goo.gl/fbAQLP

exports[`test Grid component should render 1`] = `
<DocumentFragment>
  <div
    class="speed-row"
  />
  <div
    style="padding: 0px 0px;"
  >
     
  </div>
</DocumentFragment>
`;
