// Jest Snapshot v1, https://goo.gl/fbAQLP

exports[`test Space component should render 1`] = `
<DocumentFragment>
  <div
    class="speed-space css-1ak7c1s-Space"
  />
</DocumentFragment>
`;
