// Jest Snapshot v1, https://goo.gl/fbAQLP

exports[`test Transition component should render 1`] = `
<DocumentFragment>
  <div />
</DocumentFragment>
`;
