// Jest Snapshot v1, https://goo.gl/fbAQLP

exports[`test Steps component should render 1`] = `
<DocumentFragment>
  <div
    class="speed-steps-warp"
  />
</DocumentFragment>
`;
